// Jest Snapshot v1, https://goo.gl/fbAQLP

exports[`Header component Header snapshot 1`] = `
Object {
  "asFragment": [Function],
  "baseElement": <body>
    <div>
      <header
        class="header"
      >
        <div
          class="headerContent"
        >
          <div
            class="headerName"
          >
            <a
              href="/"
            >
              <img
                alt="Лого"
                class="logo"
                src="images/logo.png"
              />
            </a>
            <span
              class="name"
            >
              Конвертер валют
            </span>
          </div>
          <nav>
            <ul
              class="menu"
            >
              <li
                class="menuItem"
              >
                <a
                  class="active"
                  href="/"
                >
                  Валюты
                </a>
              </li>
              <li
                class="menuItem"
              >
                <a
                  class=""
                  href="/converter"
                >
                  Конвертер
                </a>
              </li>
            </ul>
          </nav>
        </div>
      </header>
    </div>
  </body>,
  "container": <div>
    <header
      class="header"
    >
      <div
        class="headerContent"
      >
        <div
          class="headerName"
        >
          <a
            href="/"
          >
            <img
              alt="Лого"
              class="logo"
              src="images/logo.png"
            />
          </a>
          <span
            class="name"
          >
            Конвертер валют
          </span>
        </div>
        <nav>
          <ul
            class="menu"
          >
            <li
              class="menuItem"
            >
              <a
                class="active"
                href="/"
              >
                Валюты
              </a>
            </li>
            <li
              class="menuItem"
            >
              <a
                class=""
                href="/converter"
              >
                Конвертер
              </a>
            </li>
          </ul>
        </nav>
      </div>
    </header>
  </div>,
  "debug": [Function],
  "findAllByAltText": [Function],
  "findAllByDisplayValue": [Function],
  "findAllByLabelText": [Function],
  "findAllByPlaceholderText": [Function],
  "findAllByRole": [Function],
  "findAllByTestId": [Function],
  "findAllByText": [Function],
  "findAllByTitle": [Function],
  "findByAltText": [Function],
  "findByDisplayValue": [Function],
  "findByLabelText": [Function],
  "findByPlaceholderText": [Function],
  "findByRole": [Function],
  "findByTestId": [Function],
  "findByText": [Function],
  "findByTitle": [Function],
  "getAllByAltText": [Function],
  "getAllByDisplayValue": [Function],
  "getAllByLabelText": [Function],
  "getAllByPlaceholderText": [Function],
  "getAllByRole": [Function],
  "getAllByTestId": [Function],
  "getAllByText": [Function],
  "getAllByTitle": [Function],
  "getByAltText": [Function],
  "getByDisplayValue": [Function],
  "getByLabelText": [Function],
  "getByPlaceholderText": [Function],
  "getByRole": [Function],
  "getByTestId": [Function],
  "getByText": [Function],
  "getByTitle": [Function],
  "queryAllByAltText": [Function],
  "queryAllByDisplayValue": [Function],
  "queryAllByLabelText": [Function],
  "queryAllByPlaceholderText": [Function],
  "queryAllByRole": [Function],
  "queryAllByTestId": [Function],
  "queryAllByText": [Function],
  "queryAllByTitle": [Function],
  "queryByAltText": [Function],
  "queryByDisplayValue": [Function],
  "queryByLabelText": [Function],
  "queryByPlaceholderText": [Function],
  "queryByRole": [Function],
  "queryByTestId": [Function],
  "queryByText": [Function],
  "queryByTitle": [Function],
  "rerender": [Function],
  "unmount": [Function],
}
`;
