// Jest Snapshot v1, https://goo.gl/fbAQLP

exports[`Converter component Converter snapshot 1`] = `
Object {
  "asFragment": [Function],
  "baseElement": <body>
    <div>
      <div
        class="converterForm"
      >
        <label
          class="labelConverter"
          for="converter"
        >
          Введите текст по шаблону -
           
          <span
            class="textTemplate"
          >
            15 usd in rub
          </span>
          , 
          <br />
          указав сумму и любые из существующих валют
        </label>
        <input
          class="inputConverter"
          id="converter"
          name="converter"
          type="text"
          value=""
        />
        <button
          class="btnConverter "
          title="Получить данные"
        >
          Получить
        </button>
      </div>
    </div>
  </body>,
  "container": <div>
    <div
      class="converterForm"
    >
      <label
        class="labelConverter"
        for="converter"
      >
        Введите текст по шаблону -
         
        <span
          class="textTemplate"
        >
          15 usd in rub
        </span>
        , 
        <br />
        указав сумму и любые из существующих валют
      </label>
      <input
        class="inputConverter"
        id="converter"
        name="converter"
        type="text"
        value=""
      />
      <button
        class="btnConverter "
        title="Получить данные"
      >
        Получить
      </button>
    </div>
  </div>,
  "debug": [Function],
  "findAllByAltText": [Function],
  "findAllByDisplayValue": [Function],
  "findAllByLabelText": [Function],
  "findAllByPlaceholderText": [Function],
  "findAllByRole": [Function],
  "findAllByTestId": [Function],
  "findAllByText": [Function],
  "findAllByTitle": [Function],
  "findByAltText": [Function],
  "findByDisplayValue": [Function],
  "findByLabelText": [Function],
  "findByPlaceholderText": [Function],
  "findByRole": [Function],
  "findByTestId": [Function],
  "findByText": [Function],
  "findByTitle": [Function],
  "getAllByAltText": [Function],
  "getAllByDisplayValue": [Function],
  "getAllByLabelText": [Function],
  "getAllByPlaceholderText": [Function],
  "getAllByRole": [Function],
  "getAllByTestId": [Function],
  "getAllByText": [Function],
  "getAllByTitle": [Function],
  "getByAltText": [Function],
  "getByDisplayValue": [Function],
  "getByLabelText": [Function],
  "getByPlaceholderText": [Function],
  "getByRole": [Function],
  "getByTestId": [Function],
  "getByText": [Function],
  "getByTitle": [Function],
  "queryAllByAltText": [Function],
  "queryAllByDisplayValue": [Function],
  "queryAllByLabelText": [Function],
  "queryAllByPlaceholderText": [Function],
  "queryAllByRole": [Function],
  "queryAllByTestId": [Function],
  "queryAllByText": [Function],
  "queryAllByTitle": [Function],
  "queryByAltText": [Function],
  "queryByDisplayValue": [Function],
  "queryByLabelText": [Function],
  "queryByPlaceholderText": [Function],
  "queryByRole": [Function],
  "queryByTestId": [Function],
  "queryByText": [Function],
  "queryByTitle": [Function],
  "rerender": [Function],
  "unmount": [Function],
}
`;

exports[`ConverterForm component ConverterForm snapshot 1`] = `
Object {
  "asFragment": [Function],
  "baseElement": <body>
    <div>
      <div
        class="converterForm"
      >
        <label
          class="labelConverter"
          for="converter"
        >
          Введите текст по шаблону -
           
          <span
            class="textTemplate"
          >
            15 usd in rub
          </span>
          , 
          <br />
          указав сумму и любые из существующих валют
        </label>
        <input
          class="inputConverter"
          id="converter"
          name="converter"
          type="text"
          value=""
        />
        <button
          class="btnConverter "
          title="Получить данные"
        >
          Получить
        </button>
      </div>
    </div>
  </body>,
  "container": <div>
    <div
      class="converterForm"
    >
      <label
        class="labelConverter"
        for="converter"
      >
        Введите текст по шаблону -
         
        <span
          class="textTemplate"
        >
          15 usd in rub
        </span>
        , 
        <br />
        указав сумму и любые из существующих валют
      </label>
      <input
        class="inputConverter"
        id="converter"
        name="converter"
        type="text"
        value=""
      />
      <button
        class="btnConverter "
        title="Получить данные"
      >
        Получить
      </button>
    </div>
  </div>,
  "debug": [Function],
  "findAllByAltText": [Function],
  "findAllByDisplayValue": [Function],
  "findAllByLabelText": [Function],
  "findAllByPlaceholderText": [Function],
  "findAllByRole": [Function],
  "findAllByTestId": [Function],
  "findAllByText": [Function],
  "findAllByTitle": [Function],
  "findByAltText": [Function],
  "findByDisplayValue": [Function],
  "findByLabelText": [Function],
  "findByPlaceholderText": [Function],
  "findByRole": [Function],
  "findByTestId": [Function],
  "findByText": [Function],
  "findByTitle": [Function],
  "getAllByAltText": [Function],
  "getAllByDisplayValue": [Function],
  "getAllByLabelText": [Function],
  "getAllByPlaceholderText": [Function],
  "getAllByRole": [Function],
  "getAllByTestId": [Function],
  "getAllByText": [Function],
  "getAllByTitle": [Function],
  "getByAltText": [Function],
  "getByDisplayValue": [Function],
  "getByLabelText": [Function],
  "getByPlaceholderText": [Function],
  "getByRole": [Function],
  "getByTestId": [Function],
  "getByText": [Function],
  "getByTitle": [Function],
  "queryAllByAltText": [Function],
  "queryAllByDisplayValue": [Function],
  "queryAllByLabelText": [Function],
  "queryAllByPlaceholderText": [Function],
  "queryAllByRole": [Function],
  "queryAllByTestId": [Function],
  "queryAllByText": [Function],
  "queryAllByTitle": [Function],
  "queryByAltText": [Function],
  "queryByDisplayValue": [Function],
  "queryByLabelText": [Function],
  "queryByPlaceholderText": [Function],
  "queryByRole": [Function],
  "queryByTestId": [Function],
  "queryByText": [Function],
  "queryByTitle": [Function],
  "rerender": [Function],
  "unmount": [Function],
}
`;
